// Jest Snapshot v1, https://goo.gl/fbAQLP

exports[`Author renders correctly 1`] = `
<div
  className="author"
>
  <a
    href="/"
  >
    <h3>
      test
    </h3>
    <img
      alt="test"
      className="author__photo"
      height="75"
      src="/mikoshibax.jpeg"
      width="75"
    />
  </a>
  <h2
    className="author__title"
  >
    <a
      className="author__title-link"
      href="/"
    >
      test
    </a>
  </h2>
  <p
    className="author__subtitle"
  >
    test
  </p>
</div>
`;
